******************************************************************************
                  TI ARM Linker PC v18.1.4                     
******************************************************************************
>> Linked Thu Apr 25 00:51:48 2019

OUTPUT FILE NAME:   <lab5.out>
ENTRY POINT SYMBOL: "_c_int00_noargs"  address: 0000055d


MEMORY CONFIGURATION

         name            origin    length      used     unused   attr    fill
----------------------  --------  ---------  --------  --------  ----  --------
  FLASH                 00000000   00040000  00000634  0003f9cc  R  X
  SRAM                  20000000   00008000  00000201  00007dff  RW X


SEGMENT ALLOCATION MAP

run origin  load origin   length   init length attrs members
----------  ----------- ---------- ----------- ----- -------
00000000    00000000    00000638   00000638    r-x
  00000000    00000000    0000026c   0000026c    r-- .intvecs
  0000026c    0000026c    00000390   00000390    r-x .text
  000005fc    000005fc    00000020   00000020    r-- .const
  00000620    00000620    00000018   00000018    r-- .cinit
20000000    20000000    00000201   00000000    rw-
  20000000    20000000    00000200   00000000    rw- .stack
  20000200    20000200    00000001   00000000    rw- .data


SECTION ALLOCATION MAP

 output                                  attributes/
section   page    origin      length       input sections
--------  ----  ----------  ----------   ----------------
.intvecs   0    00000000    0000026c     
                  00000000    0000026c     startup_ccs.obj (.intvecs)

.text      0    0000026c    00000390     
                  0000026c    000000f4     driverlib.lib : sysctl.obj (.text:SysCtlClockSet)
                  00000360    0000009c     rtsv7M4_T_le_v4SPD16_eabi.lib : memcpy_t2.asm.obj (.text)
                  000003fc    00000078     lab5.obj (.text:InitDac)
                  00000474    00000068     rtsv7M4_T_le_v4SPD16_eabi.lib : copy_decompress_lzss.c.obj (.text:decompress:lzss:__TI_decompress_lzss)
                  000004dc    00000044                                   : autoinit.c.obj (.text:__TI_auto_init_nobinit_nopinit:__TI_auto_init_nobinit_nopinit)
                  00000520    0000003c     lab5.obj (.text:InitSound)
                  0000055c    00000038     rtsv7M4_T_le_v4SPD16_eabi.lib : boot_cortex_m.c.obj (.text:_c_int00_noargs:_c_int00_noargs)
                  00000594    0000002c     lab5.obj (.text:main)
                  000005c0    00000014     lab5.obj (.text:PlaySound)
                  000005d4    0000000e     rtsv7M4_T_le_v4SPD16_eabi.lib : copy_decompress_none.c.obj (.text:decompress:none:__TI_decompress_none)
                  000005e2    00000006     startup_ccs.obj (.text:ResetISR)
                  000005e8    00000006     driverlib.lib : sysctl.obj (.text:SysCtlDelay)
                  000005ee    00000004     rtsv7M4_T_le_v4SPD16_eabi.lib : pre_init.c.obj (.text:_system_pre_init)
                  000005f2    00000004                                   : exit.c.obj (.text:abort:abort)
                  000005f6    00000002     startup_ccs.obj (.text:FaultISR)
                  000005f8    00000002     startup_ccs.obj (.text:IntDefaultHandler)
                  000005fa    00000002     startup_ccs.obj (.text:NmiSR)

.const     0    000005fc    00000020     
                  000005fc    00000020     lab5.obj (.const:FREQ_SYSTICK_TO_WAVE)

.cinit     0    00000620    00000018     
                  00000620    00000008     (__TI_handler_table)
                  00000628    00000005     (.cinit..data.load) [load image, compression = lzss]
                  0000062d    00000003     --HOLE-- [fill = 0]
                  00000630    00000008     (__TI_cinit_table)

.init_array 
*          0    00000000    00000000     UNINITIALIZED

.data      0    20000200    00000001     UNINITIALIZED
                  20000200    00000001     lab5.obj (.data)

.stack     0    20000000    00000200     UNINITIALIZED
                  20000000    00000004     rtsv7M4_T_le_v4SPD16_eabi.lib : boot_cortex_m.c.obj (.stack)
                  20000004    000001fc     --HOLE--

MODULE SUMMARY

       Module                       code   ro data   rw data
       ------                       ----   -------   -------
    .\
       startup_ccs.obj              12     620       0      
       lab5.obj                     244    32        1      
    +--+----------------------------+------+---------+---------+
       Total:                       256    652       1      
                                                            
    C:/ti/tivaware_c_series_2_1_4_178/driverlib/ccs/Debug/driverlib.lib
       sysctl.obj                   250    0         0      
    +--+----------------------------+------+---------+---------+
       Total:                       250    0         0      
                                                            
    C:\ti\ccsv8\tools\compiler\ti-cgt-arm_18.1.4.LTS\lib\rtsv7M4_T_le_v4SPD16_eabi.lib
       memcpy_t2.asm.obj            156    0         0      
       copy_decompress_lzss.c.obj   104    0         0      
       autoinit.c.obj               68     0         0      
       boot_cortex_m.c.obj          56     0         0      
       copy_decompress_none.c.obj   14     0         0      
       exit.c.obj                   4      0         0      
       pre_init.c.obj               4      0         0      
    +--+----------------------------+------+---------+---------+
       Total:                       406    0         0      
                                                            
       Stack:                       0      0         512    
       Linker Generated:            0      21        0      
    +--+----------------------------+------+---------+---------+
       Grand Total:                 912    673       513    


LINKER GENERATED COPY TABLES

__TI_cinit_table @ 00000630 records: 1, size/record: 8, table size: 8
	.data: load addr=00000628, load size=00000005 bytes, run addr=20000200, run size=00000001 bytes, compression=lzss


LINKER GENERATED HANDLER TABLE

__TI_handler_table @ 00000620 records: 2, size/record: 4, table size: 8
	index: 0, handler: __TI_decompress_lzss
	index: 1, handler: __TI_decompress_none


GLOBAL SYMBOLS: SORTED ALPHABETICALLY BY Name 

address   name                          
-------   ----                          
000005f3  C$$EXIT                       
000005fc  FREQ_SYSTICK_TO_WAVE          
000003fd  InitDac                       
00000521  InitSound                     
000005c1  PlaySound                     
000005e3  ResetISR                      
0000026d  SysCtlClockSet                
000005e9  SysCtlDelay                   
20000200  __STACK_END                   
00000200  __STACK_SIZE                  
20000200  __STACK_TOP                   
00000630  __TI_CINIT_Base               
00000638  __TI_CINIT_Limit              
00000620  __TI_Handler_Table_Base       
00000628  __TI_Handler_Table_Limit      
000004dd  __TI_auto_init_nobinit_nopinit
00000475  __TI_decompress_lzss          
000005d5  __TI_decompress_none          
ffffffff  __TI_pprof_out_hndl           
ffffffff  __TI_prof_data_size           
ffffffff  __TI_prof_data_start          
00000000  __TI_static_base__            
00000361  __aeabi_memcpy                
00000361  __aeabi_memcpy4               
00000361  __aeabi_memcpy8               
ffffffff  __binit__                     
ffffffff  __c_args__                    
UNDEFED   __mpu_init                    
20000000  __stack                       
0000055d  _c_int00_noargs               
UNDEFED   _system_post_cinit            
000005ef  _system_pre_init              
000005f3  abort                         
ffffffff  binit                         
00000000  g_pfnVectors                  
20000200  index                         
00000595  main                          
00000361  memcpy                        


GLOBAL SYMBOLS: SORTED BY Symbol Address 

address   name                          
-------   ----                          
00000000  __TI_static_base__            
00000000  g_pfnVectors                  
00000200  __STACK_SIZE                  
0000026d  SysCtlClockSet                
00000361  __aeabi_memcpy                
00000361  __aeabi_memcpy4               
00000361  __aeabi_memcpy8               
00000361  memcpy                        
000003fd  InitDac                       
00000475  __TI_decompress_lzss          
000004dd  __TI_auto_init_nobinit_nopinit
00000521  InitSound                     
0000055d  _c_int00_noargs               
00000595  main                          
000005c1  PlaySound                     
000005d5  __TI_decompress_none          
000005e3  ResetISR                      
000005e9  SysCtlDelay                   
000005ef  _system_pre_init              
000005f3  C$$EXIT                       
000005f3  abort                         
000005fc  FREQ_SYSTICK_TO_WAVE          
00000620  __TI_Handler_Table_Base       
00000628  __TI_Handler_Table_Limit      
00000630  __TI_CINIT_Base               
00000638  __TI_CINIT_Limit              
20000000  __stack                       
20000200  __STACK_END                   
20000200  __STACK_TOP                   
20000200  index                         
ffffffff  __TI_pprof_out_hndl           
ffffffff  __TI_prof_data_size           
ffffffff  __TI_prof_data_start          
ffffffff  __binit__                     
ffffffff  __c_args__                    
ffffffff  binit                         
UNDEFED   __mpu_init                    
UNDEFED   _system_post_cinit            

[38 symbols]
