******************************************************************************
                  TI ARM Linker PC v18.1.4                     
******************************************************************************
>> Linked Thu Mar 28 22:20:55 2019

OUTPUT FILE NAME:   <lab3.out>
ENTRY POINT SYMBOL: "_c_int00_noargs"  address: 00000819


MEMORY CONFIGURATION

         name            origin    length      used     unused   attr    fill
----------------------  --------  ---------  --------  --------  ----  --------
  FLASH                 00000000   00040000  00000bb8  0003f448  R  X
  SRAM                  20000000   00008000  00000470  00007b90  RW X


SEGMENT ALLOCATION MAP

run origin  load origin   length   init length attrs members
----------  ----------- ---------- ----------- ----- -------
00000000    00000000    00000bb8   00000bb8    r-x
  00000000    00000000    0000026c   0000026c    r-- .intvecs
  0000026c    0000026c    00000714   00000714    r-x .text
  00000980    00000980    00000208   00000208    r-- .const
  00000b88    00000b88    00000030   00000030    r-- .cinit
20000000    20000000    00000470   00000000    rw-
  20000000    20000000    0000026c   00000000    rw- .vtable
  2000026c    2000026c    00000004   00000000    rw- .data
  20000270    20000270    00000200   00000000    rw- .stack


SECTION ALLOCATION MAP

 output                                  attributes/
section   page    origin      length       input sections
--------  ----  ----------  ----------   ----------------
.intvecs   0    00000000    0000026c     
                  00000000    0000026c     startup_ccs.obj (.intvecs)

.text      0    0000026c    00000714     
                  0000026c    00000132     driverlib.lib : gpio.obj (.text:GPIOPadConfigSet)
                  0000039e    00000002     startup_ccs.obj (.text:FaultISR)
                  000003a0    000000f4     driverlib.lib : sysctl.obj (.text:SysCtlClockSet)
                  00000494    0000009c     rtsv7M4_T_le_v4SPD16_eabi.lib : memcpy_t2.asm.obj (.text)
                  00000530    0000006c     lab3.obj (.text:main)
                  0000059c    00000068     buttons.obj (.text:ButtonsInit)
                  00000604    00000068     driverlib.lib : interrupt.obj (.text:IntEnable)
                  0000066c    00000068     rtsv7M4_T_le_v4SPD16_eabi.lib : copy_decompress_lzss.c.obj (.text:decompress:lzss:__TI_decompress_lzss)
                  000006d4    00000064     lab3.obj (.text:interruptHandler)
                  00000738    00000056     driverlib.lib : gpio.obj (.text:GPIOIntTypeSet)
                  0000078e    00000002     startup_ccs.obj (.text:IntDefaultHandler)
                  00000790    00000044     driverlib.lib : gpio.obj (.text:_GPIOIntNumberGet)
                  000007d4    00000044     rtsv7M4_T_le_v4SPD16_eabi.lib : autoinit.c.obj (.text:__TI_auto_init_nobinit_nopinit:__TI_auto_init_nobinit_nopinit)
                  00000818    00000038                                   : boot_cortex_m.c.obj (.text:_c_int00_noargs:_c_int00_noargs)
                  00000850    00000034     driverlib.lib : interrupt.obj (.text:IntRegister)
                  00000884    00000034                   : sysctl.obj (.text:SysCtlPeripheralEnable)
                  000008b8    0000002a                   : gpio.obj (.text:GPIODirModeSet)
                  000008e2    00000018                   : gpio.obj (.text:GPIOIntRegister)
                  000008fa    00000018                   : gpio.obj (.text:GPIOPinTypeGPIOOutput)
                  00000912    00000012                   : gpio.obj (.text:GPIOPinTypeGPIOInput)
                  00000924    00000012     rtsv7M4_T_le_v4SPD16_eabi.lib : copy_zero_init.c.obj (.text:decompress:ZI:__TI_zero_init_nomemset:__TI_zero_init_nomemset)
                  00000936    0000000e     driverlib.lib : gpio.obj (.text:GPIOIntDisable)
                  00000944    0000000e     rtsv7M4_T_le_v4SPD16_eabi.lib : copy_decompress_none.c.obj (.text:decompress:none:__TI_decompress_none)
                  00000952    0000000c     driverlib.lib : gpio.obj (.text:GPIOIntEnable)
                  0000095e    00000006                   : gpio.obj (.text:GPIOIntClear)
                  00000964    00000006                   : gpio.obj (.text:GPIOPinWrite)
                  0000096a    00000006     startup_ccs.obj (.text:ResetISR)
                  00000970    00000006     driverlib.lib : sysctl.obj (.text:SysCtlDelay)
                  00000976    00000004     rtsv7M4_T_le_v4SPD16_eabi.lib : pre_init.c.obj (.text:_system_pre_init)
                  0000097a    00000004                                   : exit.c.obj (.text:abort:abort)
                  0000097e    00000002     startup_ccs.obj (.text:NmiSR)

.const     0    00000980    00000208     
                  00000980    000000d8     driverlib.lib : gpio.obj (.const:g_ppui32GPIOIntMapSnowflake)
                  00000a58    000000c0                   : gpio.obj (.const:g_ppui32GPIOIntMapBlizzard)
                  00000b18    00000070                   : interrupt.obj (.const)

.cinit     0    00000b88    00000030     
                  00000b88    0000000c     (__TI_handler_table)
                  00000b94    00000008     (.cinit..data.load) [load image, compression = lzss]
                  00000b9c    00000004     --HOLE-- [fill = 0]
                  00000ba0    00000008     (.cinit..vtable.load) [load image, compression = zero_init]
                  00000ba8    00000010     (__TI_cinit_table)

.init_array 
*          0    00000000    00000000     UNINITIALIZED

.vtable    0    20000000    0000026c     UNINITIALIZED
                  20000000    0000026c     driverlib.lib : interrupt.obj (.vtable)

.data      0    2000026c    00000004     UNINITIALIZED
                  2000026c    00000003     buttons.obj (.data)
                  2000026f    00000001     lab3.obj (.data)

.stack     0    20000270    00000200     UNINITIALIZED
                  20000270    00000004     rtsv7M4_T_le_v4SPD16_eabi.lib : boot_cortex_m.c.obj (.stack)
                  20000274    000001fc     --HOLE--

MODULE SUMMARY

       Module                       code   ro data   rw data
       ------                       ----   -------   -------
    .\
       startup_ccs.obj              12     620       0      
       lab3.obj                     208    0         1      
       buttons.obj                  104    0         3      
    +--+----------------------------+------+---------+---------+
       Total:                       324    620       4      
                                                            
    C:/ti/tivaware_c_series_2_1_4_178/driverlib/ccs/Debug/driverlib.lib
       gpio.obj                     606    408       0      
       interrupt.obj                156    112       620    
       sysctl.obj                   302    0         0      
    +--+----------------------------+------+---------+---------+
       Total:                       1064   520       620    
                                                            
    C:\ti\ccsv8\tools\compiler\ti-cgt-arm_18.1.4.LTS\lib\rtsv7M4_T_le_v4SPD16_eabi.lib
       memcpy_t2.asm.obj            156    0         0      
       copy_decompress_lzss.c.obj   104    0         0      
       autoinit.c.obj               68     0         0      
       boot_cortex_m.c.obj          56     0         0      
       copy_zero_init.c.obj         18     0         0      
       copy_decompress_none.c.obj   14     0         0      
       exit.c.obj                   4      0         0      
       pre_init.c.obj               4      0         0      
    +--+----------------------------+------+---------+---------+
       Total:                       424    0         0      
                                                            
       Stack:                       0      0         512    
       Linker Generated:            0      44        0      
    +--+----------------------------+------+---------+---------+
       Grand Total:                 1812   1184      1136   


LINKER GENERATED COPY TABLES

__TI_cinit_table @ 00000ba8 records: 2, size/record: 8, table size: 16
	.data: load addr=00000b94, load size=00000008 bytes, run addr=2000026c, run size=00000004 bytes, compression=lzss
	.vtable: load addr=00000ba0, load size=00000008 bytes, run addr=20000000, run size=0000026c bytes, compression=zero_init


LINKER GENERATED HANDLER TABLE

__TI_handler_table @ 00000b88 records: 3, size/record: 4, table size: 12
	index: 0, handler: __TI_zero_init
	index: 1, handler: __TI_decompress_lzss
	index: 2, handler: __TI_decompress_none


GLOBAL SYMBOLS: SORTED ALPHABETICALLY BY Name 

address   name                          
-------   ----                          
0000059d  ButtonsInit                   
0000097b  C$$EXIT                       
000008b9  GPIODirModeSet                
0000095f  GPIOIntClear                  
00000937  GPIOIntDisable                
00000953  GPIOIntEnable                 
000008e3  GPIOIntRegister               
00000739  GPIOIntTypeSet                
0000026d  GPIOPadConfigSet              
00000913  GPIOPinTypeGPIOInput          
000008fb  GPIOPinTypeGPIOOutput         
00000965  GPIOPinWrite                  
00000605  IntEnable                     
00000851  IntRegister                   
0000096b  ResetISR                      
000003a1  SysCtlClockSet                
00000971  SysCtlDelay                   
00000885  SysCtlPeripheralEnable        
20000470  __STACK_END                   
00000200  __STACK_SIZE                  
20000470  __STACK_TOP                   
00000ba8  __TI_CINIT_Base               
00000bb8  __TI_CINIT_Limit              
00000b88  __TI_Handler_Table_Base       
00000b94  __TI_Handler_Table_Limit      
000007d5  __TI_auto_init_nobinit_nopinit
0000066d  __TI_decompress_lzss          
00000945  __TI_decompress_none          
ffffffff  __TI_pprof_out_hndl           
ffffffff  __TI_prof_data_size           
ffffffff  __TI_prof_data_start          
00000000  __TI_static_base__            
00000925  __TI_zero_init_nomemset       
00000495  __aeabi_memcpy                
00000495  __aeabi_memcpy4               
00000495  __aeabi_memcpy8               
ffffffff  __binit__                     
ffffffff  __c_args__                    
UNDEFED   __mpu_init                    
20000270  __stack                       
00000819  _c_int00_noargs               
UNDEFED   _system_post_cinit            
00000977  _system_pre_init              
0000097b  abort                         
ffffffff  binit                         
2000026f  current                       
20000000  g_pfnRAMVectors               
00000000  g_pfnVectors                  
000006d5  interruptHandler              
00000531  main                          
00000495  memcpy                        


GLOBAL SYMBOLS: SORTED BY Symbol Address 

address   name                          
-------   ----                          
00000000  __TI_static_base__            
00000000  g_pfnVectors                  
00000200  __STACK_SIZE                  
0000026d  GPIOPadConfigSet              
000003a1  SysCtlClockSet                
00000495  __aeabi_memcpy                
00000495  __aeabi_memcpy4               
00000495  __aeabi_memcpy8               
00000495  memcpy                        
00000531  main                          
0000059d  ButtonsInit                   
00000605  IntEnable                     
0000066d  __TI_decompress_lzss          
000006d5  interruptHandler              
00000739  GPIOIntTypeSet                
000007d5  __TI_auto_init_nobinit_nopinit
00000819  _c_int00_noargs               
00000851  IntRegister                   
00000885  SysCtlPeripheralEnable        
000008b9  GPIODirModeSet                
000008e3  GPIOIntRegister               
000008fb  GPIOPinTypeGPIOOutput         
00000913  GPIOPinTypeGPIOInput          
00000925  __TI_zero_init_nomemset       
00000937  GPIOIntDisable                
00000945  __TI_decompress_none          
00000953  GPIOIntEnable                 
0000095f  GPIOIntClear                  
00000965  GPIOPinWrite                  
0000096b  ResetISR                      
00000971  SysCtlDelay                   
00000977  _system_pre_init              
0000097b  C$$EXIT                       
0000097b  abort                         
00000b88  __TI_Handler_Table_Base       
00000b94  __TI_Handler_Table_Limit      
00000ba8  __TI_CINIT_Base               
00000bb8  __TI_CINIT_Limit              
20000000  g_pfnRAMVectors               
2000026f  current                       
20000270  __stack                       
20000470  __STACK_END                   
20000470  __STACK_TOP                   
ffffffff  __TI_pprof_out_hndl           
ffffffff  __TI_prof_data_size           
ffffffff  __TI_prof_data_start          
ffffffff  __binit__                     
ffffffff  __c_args__                    
ffffffff  binit                         
UNDEFED   __mpu_init                    
UNDEFED   _system_post_cinit            

[51 symbols]
