******************************************************************************
                  TI ARM Linker PC v18.1.4                     
******************************************************************************
>> Linked Wed Mar 20 22:34:43 2019

OUTPUT FILE NAME:   <lab2.out>
ENTRY POINT SYMBOL: "_c_int00_noargs"  address: 000007cd


MEMORY CONFIGURATION

         name            origin    length      used     unused   attr    fill
----------------------  --------  ---------  --------  --------  ----  --------
  FLASH                 00000000   00040000  000008be  0003f742  R  X
  SRAM                  20000000   00008000  00000204  00007dfc  RW X


SEGMENT ALLOCATION MAP

run origin  load origin   length   init length attrs members
----------  ----------- ---------- ----------- ----- -------
00000000    00000000    000008c0   000008c0    r-x
  00000000    00000000    0000026c   0000026c    r-- .intvecs
  0000026c    0000026c    0000063a   0000063a    r-x .text
  000008a8    000008a8    00000018   00000018    r-- .cinit
20000000    20000000    00000204   00000000    rw-
  20000000    20000000    00000200   00000000    rw- .stack
  20000200    20000200    00000004   00000000    rw- .data


SECTION ALLOCATION MAP

 output                                  attributes/
section   page    origin      length       input sections
--------  ----  ----------  ----------   ----------------
.intvecs   0    00000000    0000026c     
                  00000000    0000026c     startup_ccs.obj (.intvecs)

.text      0    0000026c    0000063a     
                  0000026c    00000132     driverlib.lib : gpio.obj (.text:GPIOPadConfigSet)
                  0000039e    00000002     startup_ccs.obj (.text:FaultISR)
                  000003a0    000000f4     driverlib.lib : sysctl.obj (.text:SysCtlClockSet)
                  00000494    0000009c     rtsv7M4_T_le_v4SPD16_eabi.lib : memcpy_t2.asm.obj (.text)
                  00000530    00000088     buttons.obj (.text:ButtonsPoll)
                  000005b8    00000068     buttons.obj (.text:ButtonsInit)
                  00000620    00000068     rtsv7M4_T_le_v4SPD16_eabi.lib : copy_decompress_lzss.c.obj (.text:decompress:lzss:__TI_decompress_lzss)
                  00000688    00000068     lab2.obj (.text:main)
                  000006f0    00000060     lab2.obj (.text:mydelay)
                  00000750    00000044     rtsv7M4_T_le_v4SPD16_eabi.lib : autoinit.c.obj (.text:__TI_auto_init_nobinit_nopinit:__TI_auto_init_nobinit_nopinit)
                  00000794    00000038     driverlib.lib : sysctl.obj (.text:SysCtlPeripheralReady)
                  000007cc    00000038     rtsv7M4_T_le_v4SPD16_eabi.lib : boot_cortex_m.c.obj (.text:_c_int00_noargs:_c_int00_noargs)
                  00000804    00000034     driverlib.lib : sysctl.obj (.text:SysCtlPeripheralEnable)
                  00000838    0000002a                   : gpio.obj (.text:GPIODirModeSet)
                  00000862    00000018                   : gpio.obj (.text:GPIOPinTypeGPIOOutput)
                  0000087a    0000000e     rtsv7M4_T_le_v4SPD16_eabi.lib : copy_decompress_none.c.obj (.text:decompress:none:__TI_decompress_none)
                  00000888    00000006     driverlib.lib : gpio.obj (.text:GPIOPinWrite)
                  0000088e    00000006     startup_ccs.obj (.text:ResetISR)
                  00000894    00000006     driverlib.lib : sysctl.obj (.text:SysCtlDelay)
                  0000089a    00000004     rtsv7M4_T_le_v4SPD16_eabi.lib : pre_init.c.obj (.text:_system_pre_init)
                  0000089e    00000004                                   : exit.c.obj (.text:abort:abort)
                  000008a2    00000002     startup_ccs.obj (.text:IntDefaultHandler)
                  000008a4    00000002     startup_ccs.obj (.text:NmiSR)

.cinit     0    000008a8    00000018     
                  000008a8    00000008     (.cinit..data.load) [load image, compression = lzss]
                  000008b0    00000008     (__TI_handler_table)
                  000008b8    00000008     (__TI_cinit_table)

.init_array 
*          0    00000000    00000000     UNINITIALIZED

.data      0    20000200    00000004     UNINITIALIZED
                  20000200    00000003     buttons.obj (.data)
                  20000203    00000001     lab2.obj (.data)

.stack     0    20000000    00000200     UNINITIALIZED
                  20000000    00000004     rtsv7M4_T_le_v4SPD16_eabi.lib : boot_cortex_m.c.obj (.stack)
                  20000004    000001fc     --HOLE--

MODULE SUMMARY

       Module                       code   ro data   rw data
       ------                       ----   -------   -------
    .\
       startup_ccs.obj              12     620       0      
       buttons.obj                  240    0         3      
       lab2.obj                     200    0         1      
    +--+----------------------------+------+---------+---------+
       Total:                       452    620       4      
                                                            
    C:/ti/tivaware_c_series_2_1_4_178/driverlib/ccs/Debug/driverlib.lib
       gpio.obj                     378    0         0      
       sysctl.obj                   358    0         0      
    +--+----------------------------+------+---------+---------+
       Total:                       736    0         0      
                                                            
    C:\ti\ccsv8\tools\compiler\ti-cgt-arm_18.1.4.LTS\lib\rtsv7M4_T_le_v4SPD16_eabi.lib
       memcpy_t2.asm.obj            156    0         0      
       copy_decompress_lzss.c.obj   104    0         0      
       autoinit.c.obj               68     0         0      
       boot_cortex_m.c.obj          56     0         0      
       copy_decompress_none.c.obj   14     0         0      
       exit.c.obj                   4      0         0      
       pre_init.c.obj               4      0         0      
    +--+----------------------------+------+---------+---------+
       Total:                       406    0         0      
                                                            
       Stack:                       0      0         512    
       Linker Generated:            0      24        0      
    +--+----------------------------+------+---------+---------+
       Grand Total:                 1594   644       516    


LINKER GENERATED COPY TABLES

__TI_cinit_table @ 000008b8 records: 1, size/record: 8, table size: 8
	.data: load addr=000008a8, load size=00000008 bytes, run addr=20000200, run size=00000004 bytes, compression=lzss


LINKER GENERATED HANDLER TABLE

__TI_handler_table @ 000008b0 records: 2, size/record: 4, table size: 8
	index: 0, handler: __TI_decompress_lzss
	index: 1, handler: __TI_decompress_none


GLOBAL SYMBOLS: SORTED ALPHABETICALLY BY Name 

address   name                          
-------   ----                          
000005b9  ButtonsInit                   
00000531  ButtonsPoll                   
0000089f  C$$EXIT                       
00000839  GPIODirModeSet                
0000026d  GPIOPadConfigSet              
00000863  GPIOPinTypeGPIOOutput         
00000889  GPIOPinWrite                  
0000088f  ResetISR                      
000003a1  SysCtlClockSet                
00000895  SysCtlDelay                   
00000805  SysCtlPeripheralEnable        
00000795  SysCtlPeripheralReady         
20000200  __STACK_END                   
00000200  __STACK_SIZE                  
20000200  __STACK_TOP                   
000008b8  __TI_CINIT_Base               
000008c0  __TI_CINIT_Limit              
000008b0  __TI_Handler_Table_Base       
000008b8  __TI_Handler_Table_Limit      
00000751  __TI_auto_init_nobinit_nopinit
00000621  __TI_decompress_lzss          
0000087b  __TI_decompress_none          
ffffffff  __TI_pprof_out_hndl           
ffffffff  __TI_prof_data_size           
ffffffff  __TI_prof_data_start          
00000000  __TI_static_base__            
00000495  __aeabi_memcpy                
00000495  __aeabi_memcpy4               
00000495  __aeabi_memcpy8               
ffffffff  __binit__                     
ffffffff  __c_args__                    
UNDEFED   __mpu_init                    
20000000  __stack                       
000007cd  _c_int00_noargs               
UNDEFED   _system_post_cinit            
0000089b  _system_pre_init              
0000089f  abort                         
ffffffff  binit                         
20000203  color_shown                   
00000000  g_pfnVectors                  
00000689  main                          
00000495  memcpy                        
000006f1  mydelay                       


GLOBAL SYMBOLS: SORTED BY Symbol Address 

address   name                          
-------   ----                          
00000000  __TI_static_base__            
00000000  g_pfnVectors                  
00000200  __STACK_SIZE                  
0000026d  GPIOPadConfigSet              
000003a1  SysCtlClockSet                
00000495  __aeabi_memcpy                
00000495  __aeabi_memcpy4               
00000495  __aeabi_memcpy8               
00000495  memcpy                        
00000531  ButtonsPoll                   
000005b9  ButtonsInit                   
00000621  __TI_decompress_lzss          
00000689  main                          
000006f1  mydelay                       
00000751  __TI_auto_init_nobinit_nopinit
00000795  SysCtlPeripheralReady         
000007cd  _c_int00_noargs               
00000805  SysCtlPeripheralEnable        
00000839  GPIODirModeSet                
00000863  GPIOPinTypeGPIOOutput         
0000087b  __TI_decompress_none          
00000889  GPIOPinWrite                  
0000088f  ResetISR                      
00000895  SysCtlDelay                   
0000089b  _system_pre_init              
0000089f  C$$EXIT                       
0000089f  abort                         
000008b0  __TI_Handler_Table_Base       
000008b8  __TI_CINIT_Base               
000008b8  __TI_Handler_Table_Limit      
000008c0  __TI_CINIT_Limit              
20000000  __stack                       
20000200  __STACK_END                   
20000200  __STACK_TOP                   
20000203  color_shown                   
ffffffff  __TI_pprof_out_hndl           
ffffffff  __TI_prof_data_size           
ffffffff  __TI_prof_data_start          
ffffffff  __binit__                     
ffffffff  __c_args__                    
ffffffff  binit                         
UNDEFED   __mpu_init                    
UNDEFED   _system_post_cinit            

[43 symbols]
