******************************************************************************
                  TI ARM Linker PC v18.1.4                     
******************************************************************************
>> Linked Wed Feb 27 21:12:04 2019

OUTPUT FILE NAME:   <lab1.out>
ENTRY POINT SYMBOL: "_c_int00_noargs"  address: 0000052d


MEMORY CONFIGURATION

         name            origin    length      used     unused   attr    fill
----------------------  --------  ---------  --------  --------  ----  --------
  FLASH                 00000000   00040000  00000618  0003f9e8  R  X
  SRAM                  20000000   00008000  00000208  00007df8  RW X


SEGMENT ALLOCATION MAP

run origin  load origin   length   init length attrs members
----------  ----------- ---------- ----------- ----- -------
00000000    00000000    0000061c   0000061c    r-x
  00000000    00000000    0000026c   0000026c    r-- .intvecs
  0000026c    0000026c    00000398   00000398    r-x .text
  00000608    00000608    00000014   00000014    r-- .cinit
20000000    20000000    00000208   00000000    rw-
  20000000    20000000    00000200   00000000    rw- .stack
  20000200    20000200    00000008   00000000    rw- .bss


SECTION ALLOCATION MAP

 output                                  attributes/
section   page    origin      length       input sections
--------  ----  ----------  ----------   ----------------
.intvecs   0    00000000    0000026c     
                  00000000    0000026c     startup_ccs.obj (.intvecs)

.text      0    0000026c    00000398     
                  0000026c    00000132     driverlib.lib : gpio.obj (.text:GPIOPadConfigSet)
                  0000039e    00000002     startup_ccs.obj (.text:FaultISR)
                  000003a0    0000006c     lab1.obj (.text:main)
                  0000040c    00000068     lab1.obj (.text:myBlinky)
                  00000474    00000044     rtsv7M4_T_le_v4SPD16_eabi.lib : autoinit.c.obj (.text:__TI_auto_init_nobinit_nopinit:__TI_auto_init_nobinit_nopinit)
                  000004b8    0000003c     lab1.obj (.text:delay)
                  000004f4    00000038     driverlib.lib : sysctl.obj (.text:SysCtlPeripheralReady)
                  0000052c    00000038     rtsv7M4_T_le_v4SPD16_eabi.lib : boot_cortex_m.c.obj (.text:_c_int00_noargs:_c_int00_noargs)
                  00000564    00000034     driverlib.lib : sysctl.obj (.text:SysCtlPeripheralEnable)
                  00000598    0000002a                   : gpio.obj (.text:GPIODirModeSet)
                  000005c2    00000018                   : gpio.obj (.text:GPIOPinTypeGPIOOutput)
                  000005da    00000012     rtsv7M4_T_le_v4SPD16_eabi.lib : copy_zero_init.c.obj (.text:decompress:ZI:__TI_zero_init_nomemset:__TI_zero_init_nomemset)
                  000005ec    00000006     driverlib.lib : gpio.obj (.text:GPIOPinWrite)
                  000005f2    00000006     startup_ccs.obj (.text:ResetISR)
                  000005f8    00000004     rtsv7M4_T_le_v4SPD16_eabi.lib : pre_init.c.obj (.text:_system_pre_init)
                  000005fc    00000004                                   : exit.c.obj (.text:abort:abort)
                  00000600    00000002     startup_ccs.obj (.text:IntDefaultHandler)
                  00000602    00000002     startup_ccs.obj (.text:NmiSR)

.cinit     0    00000608    00000014     
                  00000608    00000008     (.cinit..bss.load) [load image, compression = zero_init]
                  00000610    00000004     (__TI_handler_table)
                  00000614    00000008     (__TI_cinit_table)

.init_array 
*          0    00000000    00000000     UNINITIALIZED

.bss       0    20000200    00000008     UNINITIALIZED
                  20000200    00000004     (.common:i)
                  20000204    00000004     (.common:j)

.stack     0    20000000    00000200     UNINITIALIZED
                  20000000    00000004     rtsv7M4_T_le_v4SPD16_eabi.lib : boot_cortex_m.c.obj (.stack)
                  20000004    000001fc     --HOLE--

MODULE SUMMARY

       Module                 code   ro data   rw data
       ------                 ----   -------   -------
    .\
       startup_ccs.obj        12     620       0      
       lab1.obj               272    0         8      
    +--+----------------------+------+---------+---------+
       Total:                 284    620       8      
                                                      
    C:/ti/tivaware_c_series_2_1_4_178/driverlib/ccs/Debug/driverlib.lib
       gpio.obj               378    0         0      
       sysctl.obj             108    0         0      
    +--+----------------------+------+---------+---------+
       Total:                 486    0         0      
                                                      
    C:\ti\ccsv8\tools\compiler\ti-cgt-arm_18.1.4.LTS\lib\rtsv7M4_T_le_v4SPD16_eabi.lib
       autoinit.c.obj         68     0         0      
       boot_cortex_m.c.obj    56     0         0      
       copy_zero_init.c.obj   18     0         0      
       exit.c.obj             4      0         0      
       pre_init.c.obj         4      0         0      
    +--+----------------------+------+---------+---------+
       Total:                 150    0         0      
                                                      
       Stack:                 0      0         512    
       Linker Generated:      0      20        0      
    +--+----------------------+------+---------+---------+
       Grand Total:           920    640       520    


LINKER GENERATED COPY TABLES

__TI_cinit_table @ 00000614 records: 1, size/record: 8, table size: 8
	.bss: load addr=00000608, load size=00000008 bytes, run addr=20000200, run size=00000008 bytes, compression=zero_init


LINKER GENERATED HANDLER TABLE

__TI_handler_table @ 00000610 records: 1, size/record: 4, table size: 4
	index: 0, handler: __TI_zero_init


GLOBAL SYMBOLS: SORTED ALPHABETICALLY BY Name 

address   name                          
-------   ----                          
UNDEFED   ButtonsInit                   
000005fd  C$$EXIT                       
00000599  GPIODirModeSet                
0000026d  GPIOPadConfigSet              
000005c3  GPIOPinTypeGPIOOutput         
000005ed  GPIOPinWrite                  
000005f3  ResetISR                      
00000565  SysCtlPeripheralEnable        
000004f5  SysCtlPeripheralReady         
20000200  __STACK_END                   
00000200  __STACK_SIZE                  
20000200  __STACK_TOP                   
00000614  __TI_CINIT_Base               
0000061c  __TI_CINIT_Limit              
00000610  __TI_Handler_Table_Base       
00000614  __TI_Handler_Table_Limit      
00000475  __TI_auto_init_nobinit_nopinit
ffffffff  __TI_pprof_out_hndl           
ffffffff  __TI_prof_data_size           
ffffffff  __TI_prof_data_start          
00000000  __TI_static_base__            
000005db  __TI_zero_init_nomemset       
ffffffff  __binit__                     
ffffffff  __c_args__                    
UNDEFED   __mpu_init                    
20000000  __stack                       
0000052d  _c_int00_noargs               
UNDEFED   _system_post_cinit            
000005f9  _system_pre_init              
000005fd  abort                         
ffffffff  binit                         
000004b9  delay                         
00000000  g_pfnVectors                  
20000200  i                             
20000204  j                             
000003a1  main                          
0000040d  myBlinky                      


GLOBAL SYMBOLS: SORTED BY Symbol Address 

address   name                          
-------   ----                          
00000000  __TI_static_base__            
00000000  g_pfnVectors                  
00000200  __STACK_SIZE                  
0000026d  GPIOPadConfigSet              
000003a1  main                          
0000040d  myBlinky                      
00000475  __TI_auto_init_nobinit_nopinit
000004b9  delay                         
000004f5  SysCtlPeripheralReady         
0000052d  _c_int00_noargs               
00000565  SysCtlPeripheralEnable        
00000599  GPIODirModeSet                
000005c3  GPIOPinTypeGPIOOutput         
000005db  __TI_zero_init_nomemset       
000005ed  GPIOPinWrite                  
000005f3  ResetISR                      
000005f9  _system_pre_init              
000005fd  C$$EXIT                       
000005fd  abort                         
00000610  __TI_Handler_Table_Base       
00000614  __TI_CINIT_Base               
00000614  __TI_Handler_Table_Limit      
0000061c  __TI_CINIT_Limit              
20000000  __stack                       
20000200  __STACK_END                   
20000200  __STACK_TOP                   
20000200  i                             
20000204  j                             
ffffffff  __TI_pprof_out_hndl           
ffffffff  __TI_prof_data_size           
ffffffff  __TI_prof_data_start          
ffffffff  __binit__                     
ffffffff  __c_args__                    
ffffffff  binit                         
UNDEFED   ButtonsInit                   
UNDEFED   __mpu_init                    
UNDEFED   _system_post_cinit            

[37 symbols]
